// Jest Snapshot v1, https://goo.gl/fbAQLP

exports[`renders the app component 1`] = `
<DocumentFragment>
  <div
    class="app"
  >
    <div
      class="splash-screen"
      data-testid="splash-screen"
    >
      <div
        class="splash-header"
      >
        An AJDStudios production
      </div>
    </div>
  </div>
</DocumentFragment>
`;
